2026-10-07 18:25:28 [] INFO  com.zaxxer.hikari.HikariDataSource - HikariPool-1 - Starting...
2026-10-07 18:25:29 [] INFO  com.zaxxer.hikari.pool.HikariPool - HikariPool-1 - Added connection conn0: url=jdbc:h2:mem:test user=SA
2026-10-07 18:25:29 [] INFO  com.zaxxer.hikari.HikariDataSource - HikariPool-1 - Start completed.
2026-10-07 18:25:29 [] INFO  com.zaxxer.hikari.HikariDataSource - HikariPool-1 - Shutdown initiated...
2026-10-07 18:25:29 [] INFO  com.zaxxer.hikari.HikariDataSource - HikariPool-1 - Shutdown completed.
2026-10-07 18:25:30 [] INFO  com.zaxxer.hikari.HikariDataSource - HikariPool-2 - Starting...
2026-10-07 18:25:30 [] INFO  com.zaxxer.hikari.pool.HikariPool - HikariPool-2 - Added connection conn5: url=jdbc:h2:mem:test user=SA
2026-10-07 18:25:30 [] INFO  com.zaxxer.hikari.HikariDataSource - HikariPool-2 - Start completed.
2026-10-07 18:25:30 [] INFO  com.zaxxer.hikari.HikariDataSource - HikariPool-2 - Shutdown initiated...
2026-10-07 18:25:30 [] INFO  com.zaxxer.hikari.HikariDataSource - HikariPool-2 - Shutdown completed.
2026-10-07 18:26:23 [] INFO  com.zaxxer.hikari.HikariDataSource - HikariPool-1 - Starting...
2026-10-07 18:26:23 [] INFO  com.zaxxer.hikari.pool.HikariPool - HikariPool-1 - Added connection conn0: url=jdbc:h2:mem:test user=SA
2026-10-07 18:26:23 [] INFO  com.zaxxer.hikari.HikariDataSource - HikariPool-1 - Start completed.
2026-10-07 18:26:24 [] INFO  com.zaxxer.hikari.HikariDataSource - HikariPool-1 - Shutdown initiated...
2026-10-07 18:26:24 [] INFO  com.zaxxer.hikari.HikariDataSource - HikariPool-1 - Shutdown completed.
2026-10-07 18:26:25 [] INFO  com.zaxxer.hikari.HikariDataSource - HikariPool-2 - Starting...
2026-10-07 18:26:25 [] INFO  com.zaxxer.hikari.pool.HikariPool - HikariPool-2 - Added connection conn5: url=jdbc:h2:mem:test user=SA
2026-10-07 18:26:25 [] INFO  com.zaxxer.hikari.HikariDataSource - HikariPool-2 - Start completed.
2026-10-07 18:26:25 [] INFO  com.zaxxer.hikari.HikariDataSource - HikariPool-2 - Shutdown initiated...
2026-10-07 18:26:25 [] INFO  com.zaxxer.hikari.HikariDataSource - HikariPool-2 - Shutdown completed.
